// Jest Snapshot v1, https://goo.gl/fbAQLP

exports[`User ssr page matches snapshot 1`] = `
<DocumentFragment>
  <div
    class="center"
  />
</DocumentFragment>
`;
